node.exe : node:internal
/modules/cjs/loader:1448
At line:1 char:1
+ & "C:\nvm4w\nodejs/nod
e.exe" "C:\nvm4w\nodejs/
node_modules/npm/bin/np 
...
+ ~~~~~~~~~~~~~~~~~~~~~~
~~~~~~~~~~~~~~~~~~~~~~~~
~~~~~~~~~~~~~~~~~~~~~~~
    + CategoryInfo      
        : NotSpecified  
  : (node:internal/mo   
 dules/cjs/loader:14    
48:String) [], Remo    
teException
    + FullyQualifiedErr 
   orId : NativeComman  
  dError
 
  const err = new 
Error(message);
              ^

Error: Cannot find 
module 'fastify-plugin'
Require stack:
- D:\Projects\web\cms\ap
ps\api\src\plugins\tenan
t.ts
- D:\Projects\web\cms\ap
ps\api\src\index.ts
    at node:internal/mod
ules/cjs/loader:1448:15
    at 
nextResolveSimple (D:\Pr
ojects\web\cms\apps\api\
node_modules\tsx\dist\re
gister-D46fvsV_.cjs:4:10
04)
    at D:\Projects\web\c
ms\apps\api\node_modules
\tsx\dist\register-D46fv
sV_.cjs:3:2630
    at D:\Projects\web\c
ms\apps\api\node_modules
\tsx\dist\register-D46fv
sV_.cjs:3:1542
    at resolveTsPaths (D
:\Projects\web\cms\apps\
api\node_modules\tsx\dis
t\register-D46fvsV_.cjs:
4:760)
    at D:\Projects\web\c
ms\apps\api\node_modules
\tsx\dist\register-D46fv
sV_.cjs:4:1102
    at 
m._resolveFilename (file
:///D:/Projects/web/cms/
apps/api/node_modules/ts
x/dist/register-B7jrtLTO
.mjs:1:789)
    at 
defaultResolveImpl (node
:internal/modules/cjs/lo
ader:1059:19)
    at 
resolveForCJSWithHooks (
node:internal/modules/cj
s/loader:1064:22)
    at Module._load (nod
e:internal/modules/cjs/l
oader:1234:25) {
  code: 
'MODULE_NOT_FOUND',
  requireStack: [
    'D:\\Projects\\web\\
cms\\apps\\api\\src\\plu
gins\\tenant.ts',
    'D:\\Projects\\web\\
cms\\apps\\api\\src\\ind
ex.ts'
  ]
}

Node.js v24.13.1
